[0m11:22:23.833484 [debug] [MainThread]: Sending event: {'category': 'dbt', 'action': 'invocation', 'label': 'start', 'context': [<snowplow_tracker.self_describing_json.SelfDescribingJson object at 0x000002632D0B8050>, <snowplow_tracker.self_describing_json.SelfDescribingJson object at 0x000002632A5D7750>, <snowplow_tracker.self_describing_json.SelfDescribingJson object at 0x000002632F5BBB10>]}


============================== 11:22:23.996785 | 161cc4c1-ee9c-4d25-bd05-f0c7a8191ba2 ==============================
[0m11:22:23.996785 [info ] [MainThread]: Running with dbt=1.12.0
[0m11:22:24.000000 [debug] [MainThread]: running dbt with arguments {'version_check': 'True', 'no_print': 'None', 'maximum_seed_size_mib': '1', 'target_path': 'None', 'static_parser': 'True', 'warn_error_options': 'WarnErrorOptionsV2(error=[], warn=[], silence=[])', 'printer_width': '80', 'write_json': 'True', 'empty': 'None', 'log_cache_events': 'False', 'introspect': 'True', 'cache_selected_only': 'False', 'log_format': 'default', 'debug': 'False', 'fail_fast': 'False', 'partial_parse': 'True', 'send_anonymous_usage_stats': 'True', 'quiet': 'False', 'warn_error': 'None', 'profiles_dir': 'C:\\Users\\sivak\\.dbt', 'indirect_selection': 'eager', 'hints_enabled': 'True', 'invocation_command': 'dbt init', 'use_experimental_parser': 'False', 'use_colors': 'True', 'log_path': 'logs'}
[0m11:22:43.229698 [debug] [MainThread]: Starter project path: C:\Users\sivak\AppData\Local\Programs\Python\Python314\Lib\site-packages\dbt\include\starter_project
[0m11:22:43.517375 [info ] [MainThread]: Setting up your profile.
[0m11:22:53.740069 [error] [MainThread]: [[31mERROR[0m]: Encountered an error:
list index out of range
[0m11:22:54.020204 [error] [MainThread]: Traceback (most recent call last):
  File "C:\Users\sivak\AppData\Local\Programs\Python\Python314\Lib\site-packages\dbt\cli\requires.py", line 190, in wrapper
    result, success = func(*args, **kwargs)
                      ~~~~^^^^^^^^^^^^^^^^^
  File "C:\Users\sivak\AppData\Local\Programs\Python\Python314\Lib\site-packages\dbt\cli\requires.py", line 136, in wrapper
    return func(*args, **kwargs)
  File "C:\Users\sivak\AppData\Local\Programs\Python\Python314\Lib\site-packages\dbt\cli\main.py", line 503, in init
    results = task.run()
  File "C:\Users\sivak\AppData\Local\Programs\Python\Python314\Lib\site-packages\dbt\task\init.py", line 360, in run
    self.setup_profile(profile_name)
    ~~~~~~~~~~~~~~~~~~^^^^^^^^^^^^^^
  File "C:\Users\sivak\AppData\Local\Programs\Python\Python314\Lib\site-packages\dbt\task\init.py", line 263, in setup_profile
    adapter = self.ask_for_adapter_choice()
  File "C:\Users\sivak\AppData\Local\Programs\Python\Python314\Lib\site-packages\dbt\task\init.py", line 245, in ask_for_adapter_choice
    return available_adapters[numeric_choice - 1]
           ~~~~~~~~~~~~~~~~~~^^^^^^^^^^^^^^^^^^^^
IndexError: list index out of range

[0m11:22:54.027548 [debug] [MainThread]: Command `dbt init` failed at 11:22:54.026174 after 30.58 seconds
[0m11:22:54.030722 [debug] [MainThread]: Sending event: {'category': 'dbt', 'action': 'invocation', 'label': 'end', 'context': [<snowplow_tracker.self_describing_json.SelfDescribingJson object at 0x000002632F690B00>, <snowplow_tracker.self_describing_json.SelfDescribingJson object at 0x000002632F65B2F0>, <snowplow_tracker.self_describing_json.SelfDescribingJson object at 0x000002632F5DFBD0>]}
[0m11:22:54.033435 [debug] [MainThread]: Flushing usage events
[0m11:22:55.961895 [debug] [MainThread]: An error was encountered while trying to flush usage events
[0m11:23:28.809402 [debug] [MainThread]: Sending event: {'category': 'dbt', 'action': 'invocation', 'label': 'start', 'context': [<snowplow_tracker.self_describing_json.SelfDescribingJson object at 0x000002CAF10DC050>, <snowplow_tracker.self_describing_json.SelfDescribingJson object at 0x000002CAEE5F7750>, <snowplow_tracker.self_describing_json.SelfDescribingJson object at 0x000002CAF35D7B10>]}


============================== 11:23:28.814403 | 420b9f4f-51e5-4659-8f25-4bffb25fb9b2 ==============================
[0m11:23:28.814403 [info ] [MainThread]: Running with dbt=1.12.0
[0m11:23:28.815412 [debug] [MainThread]: running dbt with arguments {'maximum_seed_size_mib': '1', 'no_print': 'None', 'version_check': 'True', 'warn_error_options': 'WarnErrorOptionsV2(error=[], warn=[], silence=[])', 'static_parser': 'True', 'target_path': 'None', 'printer_width': '80', 'write_json': 'True', 'introspect': 'True', 'log_cache_events': 'False', 'empty': 'None', 'cache_selected_only': 'False', 'log_format': 'default', 'debug': 'False', 'fail_fast': 'False', 'partial_parse': 'True', 'send_anonymous_usage_stats': 'True', 'quiet': 'False', 'warn_error': 'None', 'profiles_dir': 'C:\\Users\\sivak\\.dbt', 'indirect_selection': 'eager', 'hints_enabled': 'True', 'invocation_command': 'dbt init', 'use_experimental_parser': 'False', 'use_colors': 'True', 'log_path': 'logs'}
[0m11:23:48.957972 [debug] [MainThread]: Starter project path: C:\Users\sivak\AppData\Local\Programs\Python\Python314\Lib\site-packages\dbt\include\starter_project
[0m11:23:48.983776 [info ] [MainThread]: Setting up your profile.
[0m11:24:08.757269 [debug] [MainThread]: Snowflake adapter: Setting snowflake.connector to ERROR (file logging only)
[0m11:24:08.760202 [debug] [MainThread]: Snowflake adapter: Setting botocore to ERROR (file logging only)
[0m11:24:08.762578 [debug] [MainThread]: Snowflake adapter: Setting boto3 to ERROR (file logging only)
[0m11:27:59.600820 [info ] [MainThread]: Profile snowflake_sample_01 written to C:\Users\sivak\.dbt\profiles.yml using target's profile_template.yml and your supplied values.
[0m11:27:59.657096 [info ] [MainThread]: Running dbt debug to validate the project...
[0m11:27:59.658223 [info ] [MainThread]: dbt version: 1.12.0
[0m11:27:59.658909 [info ] [MainThread]: python version: 3.14.2
[0m11:27:59.659600 [info ] [MainThread]: python path: C:\Users\sivak\AppData\Local\Programs\Python\Python314\python.exe
[0m11:27:59.660308 [info ] [MainThread]: os info: Windows-11-10.0.26100-SP0
[0m11:27:59.742451 [info ] [MainThread]: Using profiles dir at C:\Users\sivak\.dbt
[0m11:27:59.743156 [info ] [MainThread]: Using profiles.yml file at C:\Users\sivak\.dbt\profiles.yml
[0m11:27:59.743899 [info ] [MainThread]: Using dbt_project.yml file at C:\Users\sivak\OneDrive\Documents\dbt\snowflake_dbt_proj_01\snowflake_sample_01\dbt_project.yml
[0m11:27:59.745203 [info ] [MainThread]: adapter type: snowflake
[0m11:27:59.745917 [info ] [MainThread]: adapter version: 1.12.0
[0m11:27:59.901412 [info ] [MainThread]: Configuration:
[0m11:27:59.902225 [info ] [MainThread]:   profiles.yml file [[32mOK found and valid[0m]
[0m11:27:59.902971 [info ] [MainThread]:   dbt_project.yml file [[32mOK found and valid[0m]
[0m11:27:59.903636 [info ] [MainThread]: Required dependencies:
[0m11:27:59.904319 [debug] [MainThread]: Executing "git --help"
[0m11:27:59.998622 [debug] [MainThread]: STDOUT: "b"usage: git [-v | --version] [-h | --help] [-C <path>] [-c <name>=<value>]\n           [--exec-path[=<path>]] [--html-path] [--man-path] [--info-path]\n           [-p | --paginate | -P | --no-pager] [--no-replace-objects] [--bare]\n           [--git-dir=<path>] [--work-tree=<path>] [--namespace=<name>]\n           [--config-env=<name>=<envvar>] <command> [<args>]\n\nThese are common Git commands used in various situations:\n\nstart a working area (see also: git help tutorial)\n   clone     Clone a repository into a new directory\n   init      Create an empty Git repository or reinitialize an existing one\n\nwork on the current change (see also: git help everyday)\n   add       Add file contents to the index\n   mv        Move or rename a file, a directory, or a symlink\n   restore   Restore working tree files\n   rm        Remove files from the working tree and from the index\n\nexamine the history and state (see also: git help revisions)\n   bisect    Use binary search to find the commit that introduced a bug\n   diff      Show changes between commits, commit and working tree, etc\n   grep      Print lines matching a pattern\n   log       Show commit logs\n   show      Show various types of objects\n   status    Show the working tree status\n\ngrow, mark and tweak your common history\n   branch    List, create, or delete branches\n   commit    Record changes to the repository\n   merge     Join two or more development histories together\n   rebase    Reapply commits on top of another base tip\n   reset     Reset current HEAD to the specified state\n   switch    Switch branches\n   tag       Create, list, delete or verify a tag object signed with GPG\n\ncollaborate (see also: git help workflows)\n   fetch     Download objects and refs from another repository\n   pull      Fetch from and integrate with another repository or a local branch\n   push      Update remote refs along with associated objects\n\n'git help -a' and 'git help -g' list available subcommands and some\nconcept guides. See 'git help <command>' or 'git help <concept>'\nto read about a specific subcommand or concept.\nSee 'git help git' for an overview of the system.\n""
[0m11:27:59.999484 [debug] [MainThread]: STDERR: "b''"
[0m11:27:59.999886 [info ] [MainThread]:  - git [[32mOK found[0m]

[0m11:28:00.000530 [info ] [MainThread]: Connection:
[0m11:28:00.002344 [info ] [MainThread]:   account: XTGVPVX-BA51573
[0m11:28:00.004036 [info ] [MainThread]:   user: sivakh1
[0m11:28:00.005718 [info ] [MainThread]:   database: debadatta_mohanty_db
[0m11:28:00.008635 [info ] [MainThread]:   warehouse: training_wh
[0m11:28:00.010029 [info ] [MainThread]:   role: accountadmin
[0m11:28:00.011122 [info ] [MainThread]:   schema: training_wh
[0m11:28:00.012072 [info ] [MainThread]:   authenticator: None
[0m11:28:00.015247 [info ] [MainThread]:   oauth_client_id: None
[0m11:28:00.016711 [info ] [MainThread]:   query_tag: None
[0m11:28:00.018779 [info ] [MainThread]:   client_session_keep_alive: False
[0m11:28:00.019742 [info ] [MainThread]:   host: None
[0m11:28:00.020956 [info ] [MainThread]:   port: None
[0m11:28:00.022446 [info ] [MainThread]:   proxy_host: None
[0m11:28:00.023551 [info ] [MainThread]:   proxy_port: None
[0m11:28:00.027162 [info ] [MainThread]:   protocol: None
[0m11:28:00.029452 [info ] [MainThread]:   connect_retries: 1
[0m11:28:00.030651 [info ] [MainThread]:   connect_timeout: None
[0m11:28:00.032064 [info ] [MainThread]:   retry_on_database_errors: False
[0m11:28:00.033109 [info ] [MainThread]:   retry_all: False
[0m11:28:00.033869 [info ] [MainThread]:   insecure_mode: False
[0m11:28:00.034840 [info ] [MainThread]:   reuse_connections: True
[0m11:28:00.035903 [info ] [MainThread]:   s3_stage_vpce_dns_name: None
[0m11:28:00.036893 [info ] [MainThread]:   workload_identity_provider: None
[0m11:28:00.037904 [info ] [MainThread]:   workload_identity_entra_resource: None
[0m11:28:00.038900 [info ] [MainThread]:   platform_detection_timeout_seconds: 0.0
[0m11:28:00.040595 [info ] [MainThread]: Registered adapter: snowflake=1.12.0
[0m11:28:00.824009 [debug] [MainThread]: Acquiring new snowflake connection 'debug'
[0m11:28:00.853468 [debug] [MainThread]: Using snowflake connection "debug"
[0m11:28:00.853932 [debug] [MainThread]: On debug: select 1 as id
[0m11:28:00.854294 [debug] [MainThread]: Opening a new connection, currently in state init
[0m11:28:03.508078 [debug] [MainThread]: Snowflake adapter: Error running SQL: select 1 as id
[0m11:28:03.508916 [debug] [MainThread]: Snowflake adapter: Rolling back transaction.
[0m11:28:03.509362 [info ] [MainThread]:   Connection test: [[31mERROR[0m]

[0m11:28:03.509964 [info ] [MainThread]: [31m1 check failed:[0m
[0m11:28:03.510690 [info ] [MainThread]: dbt was unable to connect to the specified database.
The database returned the following error:

  >Database Error
  250001 (08001): Failed to connect to DB: XTGVPVX-BA51573.snowflakecomputing.com:443. Incorrect username or password was specified. [affdaf4f-1b09-4f68-80c8-f70752150885]

Check your database credentials and try again. For more information, visit:
https://docs.getdbt.com/docs/configure-your-profile


[0m11:28:03.511649 [info ] [MainThread]: Your new dbt project "snowflake_sample_01" was created!
Initialized new project in C:\Users\sivak\OneDrive\Documents\dbt\snowflake_dbt_proj_01\snowflake_sample_01\snowflake_sample_01

For more information on how to configure the profiles.yml file,
please consult the dbt documentation here:

  https://docs.getdbt.com/docs/configure-your-profile

One more thing:

Need help? Don't hesitate to reach out to us via GitHub issues or on Slack:

  https://community.getdbt.com/

Happy modeling!

[0m11:28:03.512412 [info ] [MainThread]: [31mYour profile may need adjustments. You can find the logs of `dbt debug` above[0m
[0m11:28:03.513732 [debug] [MainThread]: Command `dbt init` succeeded at 11:28:03.513539 after 274.92 seconds
[0m11:28:03.514178 [debug] [MainThread]: Connection 'debug' was left open.
[0m11:28:03.514578 [debug] [MainThread]: On debug: No close available on handle
[0m11:28:03.514988 [debug] [MainThread]: Sending event: {'category': 'dbt', 'action': 'invocation', 'label': 'end', 'context': [<snowplow_tracker.self_describing_json.SelfDescribingJson object at 0x000002CAF341A060>, <snowplow_tracker.self_describing_json.SelfDescribingJson object at 0x000002CAFE6CBE30>, <snowplow_tracker.self_describing_json.SelfDescribingJson object at 0x000002CAFE6A8270>]}
[0m11:28:03.515475 [debug] [MainThread]: Flushing usage events
[0m11:28:04.891712 [debug] [MainThread]: An error was encountered while trying to flush usage events
[0m11:29:02.166453 [debug] [MainThread]: Sending event: {'category': 'dbt', 'action': 'invocation', 'label': 'start', 'context': [<snowplow_tracker.self_describing_json.SelfDescribingJson object at 0x0000019A7F6EC050>, <snowplow_tracker.self_describing_json.SelfDescribingJson object at 0x0000019A7CBF7750>, <snowplow_tracker.self_describing_json.SelfDescribingJson object at 0x0000019A01C3BB10>]}


============================== 11:29:02.198064 | 2a6dc1eb-e5f6-40f6-bde3-0a8eae9dc8e4 ==============================
[0m11:29:02.198064 [info ] [MainThread]: Running with dbt=1.12.0
[0m11:29:02.199148 [debug] [MainThread]: running dbt with arguments {'maximum_seed_size_mib': '1', 'no_print': 'None', 'static_parser': 'True', 'warn_error_options': 'WarnErrorOptionsV2(error=[], warn=[], silence=[])', 'version_check': 'True', 'target_path': 'None', 'printer_width': '80', 'write_json': 'True', 'introspect': 'True', 'log_cache_events': 'False', 'empty': 'None', 'cache_selected_only': 'False', 'log_format': 'default', 'debug': 'False', 'fail_fast': 'False', 'partial_parse': 'True', 'send_anonymous_usage_stats': 'True', 'quiet': 'False', 'warn_error': 'None', 'profiles_dir': 'C:\\Users\\sivak\\.dbt', 'indirect_selection': 'eager', 'hints_enabled': 'True', 'invocation_command': 'dbt debug', 'use_experimental_parser': 'False', 'use_colors': 'True', 'log_path': 'logs'}
[0m11:29:02.448480 [info ] [MainThread]: dbt version: 1.12.0
[0m11:29:02.451371 [info ] [MainThread]: python version: 3.14.2
[0m11:29:02.454709 [info ] [MainThread]: python path: C:\Users\sivak\AppData\Local\Programs\Python\Python314\python.exe
[0m11:29:02.457557 [info ] [MainThread]: os info: Windows-11-10.0.26100-SP0
[0m11:29:03.124389 [debug] [MainThread]: Snowflake adapter: Setting snowflake.connector to ERROR (file logging only)
[0m11:29:03.125220 [debug] [MainThread]: Snowflake adapter: Setting botocore to ERROR (file logging only)
[0m11:29:03.125934 [debug] [MainThread]: Snowflake adapter: Setting boto3 to ERROR (file logging only)
[0m11:29:03.354373 [info ] [MainThread]: Using profiles dir at C:\Users\sivak\.dbt
[0m11:29:03.355161 [info ] [MainThread]: Using profiles.yml file at C:\Users\sivak\.dbt\profiles.yml
[0m11:29:03.355882 [info ] [MainThread]: Using dbt_project.yml file at C:\Users\sivak\OneDrive\Documents\dbt\snowflake_dbt_proj_01\dbt_project.yml
[0m11:29:03.356974 [error] [MainThread]: [[31mERROR[0m]: Encountered an error:
Internal Error
  Profile should not be None if loading profile completed
[0m11:29:03.358443 [debug] [MainThread]: Command `dbt debug` failed at 11:29:03.358253 after 1.49 seconds
[0m11:29:03.358972 [debug] [MainThread]: Sending event: {'category': 'dbt', 'action': 'invocation', 'label': 'end', 'context': [<snowplow_tracker.self_describing_json.SelfDescribingJson object at 0x0000019A0CC18FC0>, <snowplow_tracker.self_describing_json.SelfDescribingJson object at 0x0000019A0CCD6E70>, <snowplow_tracker.self_describing_json.SelfDescribingJson object at 0x0000019A0CD40490>]}
[0m11:29:03.359493 [debug] [MainThread]: Flushing usage events
[0m11:29:04.875063 [debug] [MainThread]: An error was encountered while trying to flush usage events
[0m11:34:35.050597 [debug] [MainThread]: Sending event: {'category': 'dbt', 'action': 'invocation', 'label': 'start', 'context': [<snowplow_tracker.self_describing_json.SelfDescribingJson object at 0x000001B5B676C050>, <snowplow_tracker.self_describing_json.SelfDescribingJson object at 0x000001B5B3C87750>, <snowplow_tracker.self_describing_json.SelfDescribingJson object at 0x000001B5B8CB7B10>]}


============================== 11:34:35.055306 | 978b3bc8-6a0a-47ef-afc6-cca21d3b013a ==============================
[0m11:34:35.055306 [info ] [MainThread]: Running with dbt=1.12.0
[0m11:34:35.056270 [debug] [MainThread]: running dbt with arguments {'static_parser': 'True', 'no_print': 'None', 'maximum_seed_size_mib': '1', 'warn_error_options': 'WarnErrorOptionsV2(error=[], warn=[], silence=[])', 'target_path': 'None', 'version_check': 'True', 'printer_width': '80', 'write_json': 'True', 'empty': 'False', 'log_cache_events': 'False', 'introspect': 'True', 'cache_selected_only': 'False', 'log_format': 'default', 'debug': 'False', 'fail_fast': 'False', 'profiles_dir': 'C:\\Users\\sivak\\.dbt', 'send_anonymous_usage_stats': 'True', 'quiet': 'False', 'warn_error': 'None', 'partial_parse': 'True', 'invocation_command': 'dbt seed', 'hints_enabled': 'True', 'use_colors': 'True', 'use_experimental_parser': 'False', 'indirect_selection': 'eager', 'log_path': 'logs'}
[0m11:34:35.056925 [error] [MainThread]: [[31mERROR[0m]: Encountered an error:
Runtime Error
  No dbt_project.yml found at expected path C:\Users\sivak\OneDrive\Documents\dbt\snowflake_dbt_proj_01\dbt_project.yml
  Verify that each entry within packages.yml (and their transitive dependencies) contains a file named dbt_project.yml
  
[0m11:34:35.058073 [debug] [MainThread]: Command `dbt seed` failed at 11:34:35.057882 after 0.20 seconds
[0m11:34:35.058553 [debug] [MainThread]: Sending event: {'category': 'dbt', 'action': 'invocation', 'label': 'end', 'context': [<snowplow_tracker.self_describing_json.SelfDescribingJson object at 0x000001B5B8AA7BB0>, <snowplow_tracker.self_describing_json.SelfDescribingJson object at 0x000001B5B8C75D90>, <snowplow_tracker.self_describing_json.SelfDescribingJson object at 0x000001B5B8D44270>]}
[0m11:34:35.059049 [debug] [MainThread]: Flushing usage events
[0m11:34:36.556068 [debug] [MainThread]: An error was encountered while trying to flush usage events
[0m11:42:15.643837 [debug] [MainThread]: Sending event: {'category': 'dbt', 'action': 'invocation', 'label': 'start', 'context': [<snowplow_tracker.self_describing_json.SelfDescribingJson object at 0x0000022873E5C050>, <snowplow_tracker.self_describing_json.SelfDescribingJson object at 0x0000022871367750>, <snowplow_tracker.self_describing_json.SelfDescribingJson object at 0x0000022876357B10>]}


============================== 11:42:15.648454 | 6ab0ef1b-adce-4614-bd48-a5b0e92cb088 ==============================
[0m11:42:15.648454 [info ] [MainThread]: Running with dbt=1.12.0
[0m11:42:15.649449 [debug] [MainThread]: running dbt with arguments {'static_parser': 'True', 'no_print': 'None', 'version_check': 'True', 'target_path': 'None', 'warn_error_options': 'WarnErrorOptionsV2(error=[], warn=[], silence=[])', 'maximum_seed_size_mib': '1', 'printer_width': '80', 'write_json': 'True', 'introspect': 'True', 'log_cache_events': 'False', 'empty': 'None', 'cache_selected_only': 'False', 'fail_fast': 'False', 'debug': 'False', 'log_format': 'default', 'profiles_dir': 'C:\\Users\\sivak\\.dbt', 'send_anonymous_usage_stats': 'True', 'quiet': 'False', 'warn_error': 'None', 'partial_parse': 'True', 'use_colors': 'True', 'hints_enabled': 'True', 'indirect_selection': 'eager', 'use_experimental_parser': 'False', 'invocation_command': 'dbt init', 'log_path': 'logs'}
